******************************************************************************
                  TI ARM Linker PC v16.9.6                     
******************************************************************************
>> Linked Wed May 12 09:14:53 2021

OUTPUT FILE NAME:   <simple_np_cc2640r2lp_app.out>
ENTRY POINT SYMBOL: "ResetISR"  address: 0000dae5


MEMORY CONFIGURATION

         name            origin    length      used     unused   attr    fill
----------------------  --------  ---------  --------  --------  ----  --------
  FLASH                 00000000   0001f000  000134c8  0000bb38  R  X
  FLASH_LAST_PAGE       0001f000   00001000  00000058  00000fa8  R  X
  SRAM                  20000000   00004400  00002236  000021ca  RW X


SEGMENT ALLOCATION MAP

run origin  load origin   length   init length attrs members
----------  ----------- ---------- ----------- ----- -------
00000000    00000000    000124cc   000124cc    r-x
  00000000    00000000    0000003c   0000003c    r-- .resetVecs
  0000003c    0000003c    00000fc4   00000fc4    r-x .text.1
  00001000    00001000    00000028   00000028    r-- .const:ti_sysbios_heaps_HeapMem_Module__FXNS__C
  00001028    00001028    00000024   00000024    r-- .const:ti_sysbios_gates_GateHwi_Module__FXNS__C
  0000104c    0000104c    00000024   00000024    r-- .const:ti_sysbios_gates_GateMutex_Module__FXNS__C
  00001070    00001070    00000020   00000020    r-- .const:ti_sysbios_family_arm_m3_Hwi_Object__DESC__C
  00001090    00001090    00000020   00000020    r-- .const:ti_sysbios_gates_GateHwi_Object__DESC__C
  000010b0    000010b0    00000020   00000020    r-- .const:ti_sysbios_gates_GateMutex_Object__DESC__C
  000010d0    000010d0    00000020   00000020    r-- .const:ti_sysbios_hal_Hwi_Object__DESC__C
  000010f0    000010f0    00000020   00000020    r-- .const:ti_sysbios_heaps_HeapMem_Object__DESC__C
  00001110    00001110    00000020   00000020    r-- .const:ti_sysbios_knl_Clock_Object__DESC__C
  00001130    00001130    00000020   00000020    r-- .const:ti_sysbios_knl_Event_Object__DESC__C
  00001150    00001150    00000020   00000020    r-- .const:ti_sysbios_knl_Mailbox_Object__DESC__C
  00001170    00001170    00000020   00000020    r-- .const:ti_sysbios_knl_Queue_Object__DESC__C
  00001190    00001190    00000020   00000020    r-- .const:ti_sysbios_knl_Semaphore_Object__DESC__C
  000011b0    000011b0    00000020   00000020    r-- .const:ti_sysbios_knl_Swi_Object__DESC__C
  000011d0    000011d0    00000020   00000020    r-- .const:ti_sysbios_knl_Task_Object__DESC__C
  000011f0    000011f0    00000008   00000008    r-- .const:ti_sysbios_knl_Idle_funcList__C
  000011f8    000011f8    00000004   00000004    r-- .const:ti_sysbios_family_arm_cc26xx_Timer_startupNeeded__C
  000011fc    000011fc    00000004   00000004    r-- .const:ti_sysbios_family_arm_m3_Hwi_E_alreadyDefined__C
  00001200    00001200    00000004   00000004    r-- .const:ti_sysbios_family_arm_m3_Hwi_E_hwiLimitExceeded__C
  00001204    00001204    00000004   00000004    r-- .const:ti_sysbios_family_arm_m3_Hwi_NUM_INTERRUPTS__C
  00001208    00001208    00000004   00000004    r-- .const:ti_sysbios_family_arm_m3_Hwi_Object__count__C
  0000120c    0000120c    00000004   00000004    r-- .const:ti_sysbios_family_arm_m3_Hwi_Object__table__C
  00001210    00001210    00000004   00000004    r-- .const:ti_sysbios_family_arm_m3_Hwi_ccr__C
  00001214    00001214    00000004   00000004    r-- .const:ti_sysbios_family_arm_m3_Hwi_excHandlerFunc__C
  00001218    00001218    00000004   00000004    r-- .const:ti_sysbios_family_arm_m3_Hwi_nullIsrFunc__C
  0000121c    0000121c    00000004   00000004    r-- .const:ti_sysbios_family_arm_m3_Hwi_numSparseInterrupts__C
  00001220    00001220    00000004   00000004    r-- .const:ti_sysbios_family_arm_m3_Hwi_priGroup__C
  00001224    00001224    00000004   00000004    r-- .const:ti_sysbios_family_arm_m3_TaskSupport_stackAlignment__C
  00001228    00001228    00000004   00000004    r-- .const:ti_sysbios_heaps_HeapMem_E_memory__C
  0000122c    0000122c    00000004   00000004    r-- .const:ti_sysbios_heaps_HeapMem_Module__gateObj__C
  00001230    00001230    00000004   00000004    r-- .const:ti_sysbios_heaps_HeapMem_Object__count__C
  00001234    00001234    00000004   00000004    r-- .const:ti_sysbios_heaps_HeapMem_Object__table__C
  00001238    00001238    00000004   00000004    r-- .const:ti_sysbios_heaps_HeapMem_reqAlign__C
  0000123c    0000123c    00000004   00000004    r-- .const:ti_sysbios_knl_Clock_triggerClock__C
  00001240    00001240    00000004   00000004    r-- .const:ti_sysbios_knl_Mailbox_Object__count__C
  00001244    00001244    00000004   00000004    r-- .const:ti_sysbios_knl_Mailbox_Object__table__C
  00001248    00001248    00000004   00000004    r-- .const:ti_sysbios_knl_Mailbox_maxTypeAlign__C
  0000124c    0000124c    00000004   00000004    r-- .const:ti_sysbios_knl_Queue_Object__count__C
  00001250    00001250    00000004   00000004    r-- .const:ti_sysbios_knl_Queue_Object__table__C
  00001254    00001254    00000004   00000004    r-- .const:ti_sysbios_knl_Semaphore_eventPost__C
  00001258    00001258    00000004   00000004    r-- .const:ti_sysbios_knl_Semaphore_eventSync__C
  0000125c    0000125c    00000004   00000004    r-- .const:ti_sysbios_knl_Swi_Object__count__C
  00001260    00001260    00000004   00000004    r-- .const:ti_sysbios_knl_Swi_Object__table__C
  00001264    00001264    00000004   00000004    r-- .const:ti_sysbios_knl_Swi_numPriorities__C
  00001268    00001268    00000004   00000004    r-- .const:ti_sysbios_knl_Task_Object__count__C
  0000126c    0000126c    00000004   00000004    r-- .const:ti_sysbios_knl_Task_Object__table__C
  00001270    00001270    00000004   00000004    r-- .const:ti_sysbios_knl_Task_allBlockedFunc__C
  00001274    00001274    00000004   00000004    r-- .const:ti_sysbios_knl_Task_defaultStackHeap__C
  00001278    00001278    00000004   00000004    r-- .const:ti_sysbios_knl_Task_defaultStackSize__C
  0000127c    0000127c    00000004   00000004    r-- .const:ti_sysbios_knl_Task_numConstructedTasks__C
  00001280    00001280    00000002   00000002    r-- .const:ti_sysbios_family_arm_cc26xx_Timer_Module__id__C
  00001282    00001282    00000002   00000002    r-- .const:ti_sysbios_family_arm_cc26xx_TimestampProvider_useClockTimer__C
  00001284    00001284    00000002   00000002    r-- .const:ti_sysbios_family_arm_m3_Hwi_Module__id__C
  00001286    00001286    00000002   00000002    r-- .const:ti_sysbios_gates_GateHwi_Module__id__C
  00001288    00001288    00000002   00000002    r-- .const:ti_sysbios_gates_GateMutex_Module__id__C
  0000128a    0000128a    00000002   00000002    r-- .const:ti_sysbios_heaps_HeapMem_Module__id__C
  0000128c    0000128c    00000002   00000002    r-- .const:ti_sysbios_knl_Task_initStackFlag__C
  0000128e    0000128e    00000001   00000001    r-- .const:ti_sysbios_knl_Clock_tickMode__C
  00001290    00001290    00000008   00000008    r-- .const:xdc_runtime_Startup_firstFxns__C
  00001298    00001298    00000008   00000008    r-- .const:xdc_runtime_Startup_lastFxns__C
  000012a0    000012a0    00000004   00000004    r-- .const:xdc_runtime_Assert_E_assertFailed__C
  000012a4    000012a4    00000004   00000004    r-- .const:xdc_runtime_Error_E_memory__C
  000012a8    000012a8    00000004   00000004    r-- .const:xdc_runtime_Error_policyFxn__C
  000012ac    000012ac    00000004   00000004    r-- .const:xdc_runtime_Error_raiseHook__C
  000012b0    000012b0    00000004   00000004    r-- .const:xdc_runtime_IGateProvider_Interface__BASE__C
  000012b4    000012b4    00000004   00000004    r-- .const:xdc_runtime_IHeap_Interface__BASE__C
  000012b8    000012b8    00000004   00000004    r-- .const:xdc_runtime_IModule_Interface__BASE__C
  000012bc    000012bc    00000004   00000004    r-- .const:xdc_runtime_Memory_defaultHeapInstance__C
  000012c0    000012c0    00000004   00000004    r-- .const:xdc_runtime_Startup_execImpl__C
  000012c4    000012c4    00000004   00000004    r-- .const:xdc_runtime_Startup_maxPasses__C
  000012c8    000012c8    00000004   00000004    r-- .const:xdc_runtime_Startup_sfxnRts__C
  000012cc    000012cc    00000004   00000004    r-- .const:xdc_runtime_Startup_sfxnTab__C
  000012d0    000012d0    00000004   00000004    r-- .const:xdc_runtime_Startup_startModsFxn__C
  000012d4    000012d4    00000004   00000004    r-- .const:xdc_runtime_SysCallback_abortFxn__C
  000012d8    000012d8    00000004   00000004    r-- .const:xdc_runtime_SysCallback_exitFxn__C
  000012dc    000012dc    00000004   00000004    r-- .const:xdc_runtime_System_abortFxn__C
  000012e0    000012e0    00000004   00000004    r-- .const:xdc_runtime_System_exitFxn__C
  000012e4    000012e4    00000004   00000004    r-- .const:xdc_runtime_System_maxAtexitHandlers__C
  000012e8    000012e8    00000004   00000004    r-- .const:xdc_runtime_Text_charTab__C
  000012ec    000012ec    00000004   00000004    r-- .const:xdc_runtime_Text_nameEmpty__C
  000012f0    000012f0    00000004   00000004    r-- .const:xdc_runtime_Text_nameStatic__C
  000012f4    000012f4    00000004   00000004    r-- .const:xdc_runtime_Text_nameUnknown__C
  000012f8    000012f8    00000002   00000002    r-- .const:xdc_runtime_Error_maxDepth__C
  000012fa    000012fa    00000002   00000002    r-- .const:xdc_runtime_Memory_Module__id__C
  000012fc    000012fc    00000002   00000002    r-- .const:xdc_runtime_Text_charCnt__C
  000012fe    000012fe    00000002   00000002    r-- .const:xdc_runtime_Text_isLoaded__C
  00001300    00001300    00000001   00000001    r-- .const:xdc_runtime_Error_policy__C
  00001304    00001304    00000004   00000004    r-- .const:ti_sysbios_rom_ROM_ti_sysbios_family_arm_cc26xx_Timer_getCount64__E
  00001308    00001308    00000004   00000004    r-- .const:ti_sysbios_rom_ROM_ti_sysbios_family_arm_cc26xx_Timer_getCurrentTick__E
  0000130c    0000130c    00000004   00000004    r-- .const:ti_sysbios_rom_ROM_ti_sysbios_family_arm_cc26xx_Timer_getMaxTicks__E
  00001310    00001310    00000004   00000004    r-- .const:ti_sysbios_rom_ROM_ti_sysbios_family_arm_cc26xx_Timer_initDevice__I
  00001314    00001314    00000004   00000004    r-- .const:ti_sysbios_rom_ROM_ti_sysbios_family_arm_cc26xx_Timer_setNextTick__E
  00001318    00001318    00000004   00000004    r-- .const:ti_sysbios_rom_ROM_ti_sysbios_family_arm_cc26xx_Timer_setThreshold__I
  0000131c    0000131c    00000004   00000004    r-- .const:ti_sysbios_rom_ROM_ti_sysbios_family_arm_cc26xx_Timer_start__E
  00001320    00001320    00000004   00000004    r-- .const:ti_sysbios_rom_ROM_ti_sysbios_family_arm_cc26xx_TimestampProvider_get32__E
  00001324    00001324    00000004   00000004    r-- .const:ti_sysbios_rom_ROM_xdc_runtime_Startup_getState__I
  00001328    00001328    00000004   00000004    r-- .const:ti_sysbios_rom_ROM_xdc_runtime_System_SupportProxy_abort__E
  0000132c    0000132c    00000004   00000004    r-- .const:ti_sysbios_rom_ROM_xdc_runtime_System_SupportProxy_exit__E
  00001330    00001330    0000f89c   0000f89c    r-x .text.2
  00010bcc    00010bcc    00001344   00001344    r-- .const
  00011f10    00011f10    00000090   00000090    r-- .rodata
  00011fa0    00011fa0    0000052c   0000052c    r-- .cinit
0001e000    0001e000    00001000   00001000    r--
  0001e000    0001e000    00001000   00001000    r-- .snvSectors
0001ffa8    0001ffa8    00000058   00000058    r--
  0001ffa8    0001ffa8    00000058   00000058    r-- .ccfg
20000100    20000100    00001d70   00000000    rw-
  20000100    20000100    00000044   00000000    rw- .data:ti_sysbios_knl_Task_Module__state__V
  20000144    20000144    00000034   00000000    rw- .data:ti_sysbios_family_arm_m3_Hwi_Module__state__V
  20000178    20000178    0000002c   00000000    rw- .data:ti_sysbios_knl_Clock_Module__state__V
  200001a4    200001a4    00000024   00000000    rw- .data:ti_sysbios_BIOS_Module__state__V
  200001c8    200001c8    0000001c   00000000    rw- .data:ti_sysbios_knl_Swi_Module__state__V
  200001e4    200001e4    00000008   00000000    rw- .data:ti_sysbios_family_arm_cc26xx_Timer_Module__state__V
  200001ec    200001ec    00000004   00000000    rw- .data:ti_sysbios_family_arm_cc26xx_TimestampProvider_Module__state__V
  200001f0    200001f0    00000008   00000000    rw- .data:xdc_runtime_Startup_Module__state__V
  200001f8    200001f8    00000008   00000000    rw- .data:xdc_runtime_System_Module__state__V
  20000200    20000200    00000004   00000000    rw- .data:xdc_runtime_Memory_Module__state__V
  20000204    20000204    00000002   00000000    rw- .data:xdc_runtime_Error_Module__state__V
  20000208    20000208    000014b6   00000000    rw- .data
  200016c0    200016c0    000007b0   00000000    rw- .bss
20004000    20004000    00000400   00000000    rw-
  20004000    20004000    00000400   00000000    rw- .stack


SECTION ALLOCATION MAP

 output                                  attributes/
section   page    origin      length       input sections
--------  ----  ----------  ----------   ----------------
.resetVecs 
*          0    00000000    0000003c     
                  00000000    0000003c     app_ble_pem3.oem3 (.resetVecs)

.text.1    0    0000003c    00000fc4     
                  0000003c    000005c0     cc2640_ll_pxxx.a : ll.o (.text)
                  000005fc    00000008     ble_r2.symbols (.tramp.LL_ENC_GenerateTrueRandNum.1)
                  00000604    00000008     ble_r2.symbols (.tramp.LL_PRIV_GenerateRSA.1)
                  0000060c    00000008     ble_r2.symbols (.tramp.LL_ENC_Init.1)
                  00000614    00000574     peripheral.obj (.text:gapRole_taskFxn$22)
                  00000b88    00000008     (.tramp.ti_sysbios_knl_Event_pend__E.1)
                  00000b90    000003dc     simple_np.obj (.text:SNP_processAddCharDescDeclCmd$0)
                  00000f6c    00000094     simple_np_cc2640r2lp_stack_library.lib : osal_cbtimer.obj (.text:osal_CbTimerProcessEvent)

.const:ti_sysbios_heaps_HeapMem_Module__FXNS__C 
*          0    00001000    00000028     
                  00001000    00000028     app_ble_pem3.oem3 (.const:ti_sysbios_heaps_HeapMem_Module__FXNS__C)

.const:ti_sysbios_gates_GateHwi_Module__FXNS__C 
*          0    00001028    00000024     
                  00001028    00000024     app_ble_pem3.oem3 (.const:ti_sysbios_gates_GateHwi_Module__FXNS__C)

.const:ti_sysbios_gates_GateMutex_Module__FXNS__C 
*          0    0000104c    00000024     
                  0000104c    00000024     app_ble_pem3.oem3 (.const:ti_sysbios_gates_GateMutex_Module__FXNS__C)

.const:ti_sysbios_family_arm_m3_Hwi_Object__DESC__C 
*          0    00001070    00000020     
                  00001070    00000020     app_ble_pem3.oem3 (.const:ti_sysbios_family_arm_m3_Hwi_Object__DESC__C)

.const:ti_sysbios_gates_GateHwi_Object__DESC__C 
*          0    00001090    00000020     
                  00001090    00000020     app_ble_pem3.oem3 (.const:ti_sysbios_gates_GateHwi_Object__DESC__C)

.const:ti_sysbios_gates_GateMutex_Object__DESC__C 
*          0    000010b0    00000020     
                  000010b0    00000020     app_ble_pem3.oem3 (.const:ti_sysbios_gates_GateMutex_Object__DESC__C)

.const:ti_sysbios_hal_Hwi_Object__DESC__C 
*          0    000010d0    00000020     
                  000010d0    00000020     app_ble_pem3.oem3 (.const:ti_sysbios_hal_Hwi_Object__DESC__C)

.const:ti_sysbios_heaps_HeapMem_Object__DESC__C 
*          0    000010f0    00000020     
                  000010f0    00000020     app_ble_pem3.oem3 (.const:ti_sysbios_heaps_HeapMem_Object__DESC__C)

.const:ti_sysbios_knl_Clock_Object__DESC__C 
*          0    00001110    00000020     
                  00001110    00000020     app_ble_pem3.oem3 (.const:ti_sysbios_knl_Clock_Object__DESC__C)

.const:ti_sysbios_knl_Event_Object__DESC__C 
*          0    00001130    00000020     
                  00001130    00000020     app_ble_pem3.oem3 (.const:ti_sysbios_knl_Event_Object__DESC__C)

.const:ti_sysbios_knl_Mailbox_Object__DESC__C 
*          0    00001150    00000020     
                  00001150    00000020     app_ble_pem3.oem3 (.const:ti_sysbios_knl_Mailbox_Object__DESC__C)

.const:ti_sysbios_knl_Queue_Object__DESC__C 
*          0    00001170    00000020     
                  00001170    00000020     app_ble_pem3.oem3 (.const:ti_sysbios_knl_Queue_Object__DESC__C)

.const:ti_sysbios_knl_Semaphore_Object__DESC__C 
*          0    00001190    00000020     
                  00001190    00000020     app_ble_pem3.oem3 (.const:ti_sysbios_knl_Semaphore_Object__DESC__C)

.const:ti_sysbios_knl_Swi_Object__DESC__C 
*          0    000011b0    00000020     
                  000011b0    00000020     app_ble_pem3.oem3 (.const:ti_sysbios_knl_Swi_Object__DESC__C)

.const:ti_sysbios_knl_Task_Object__DESC__C 
*          0    000011d0    00000020     
                  000011d0    00000020     app_ble_pem3.oem3 (.const:ti_sysbios_knl_Task_Object__DESC__C)

.const:ti_sysbios_knl_Idle_funcList__C 
*          0    000011f0    00000008     
                  000011f0    00000008     app_ble_pem3.oem3 (.const:ti_sysbios_knl_Idle_funcList__C)

.const:ti_sysbios_family_arm_cc26xx_Timer_startupNeeded__C 
*          0    000011f8    00000004     
                  000011f8    00000004     app_ble_pem3.oem3 (.const:ti_sysbios_family_arm_cc26xx_Timer_startupNeeded__C)

.const:ti_sysbios_family_arm_m3_Hwi_E_alreadyDefined__C 
*          0    000011fc    00000004     
                  000011fc    00000004     app_ble_pem3.oem3 (.const:ti_sysbios_family_arm_m3_Hwi_E_alreadyDefined__C)

.const:ti_sysbios_family_arm_m3_Hwi_E_hwiLimitExceeded__C 
*          0    00001200    00000004     
                  00001200    00000004     app_ble_pem3.oem3 (.const:ti_sysbios_family_arm_m3_Hwi_E_hwiLimitExceeded__C)

.const:ti_sysbios_family_arm_m3_Hwi_NUM_INTERRUPTS__C 
*          0    00001204    00000004     
                  00001204    00000004     app_ble_pem3.oem3 (.const:ti_sysbios_family_arm_m3_Hwi_NUM_INTERRUPTS__C)

.const:ti_sysbios_family_arm_m3_Hwi_Object__count__C 
*          0    00001208    00000004     
                  00001208    00000004     app_ble_pem3.oem3 (.const:ti_sysbios_family_arm_m3_Hwi_Object__count__C)

.const:ti_sysbios_family_arm_m3_Hwi_Object__table__C 
*          0    0000120c    00000004     
                  0000120c    00000004     app_ble_pem3.oem3 (.const:ti_sysbios_family_arm_m3_Hwi_Object__table__C)

.const:ti_sysbios_family_arm_m3_Hwi_ccr__C 
*          0    00001210    00000004     
                  00001210    00000004     app_ble_pem3.oem3 (.const:ti_sysbios_family_arm_m3_Hwi_ccr__C)

.const:ti_sysbios_family_arm_m3_Hwi_excHandlerFunc__C 
*          0    00001214    00000004     
                  00001214    00000004     app_ble_pem3.oem3 (.const:ti_sysbios_family_arm_m3_Hwi_excHandlerFunc__C)

.const:ti_sysbios_family_arm_m3_Hwi_nullIsrFunc__C 
*          0    00001218    00000004     
                  00001218    00000004     app_ble_pem3.oem3 (.const:ti_sysbios_family_arm_m3_Hwi_nullIsrFunc__C)

.const:ti_sysbios_family_arm_m3_Hwi_numSparseInterrupts__C 
*          0    0000121c    00000004     
                  0000121c    00000004     app_ble_pem3.oem3 (.const:ti_sysbios_family_arm_m3_Hwi_numSparseInterrupts__C)

.const:ti_sysbios_family_arm_m3_Hwi_priGroup__C 
*          0    00001220    00000004     
                  00001220    00000004     app_ble_pem3.oem3 (.const:ti_sysbios_family_arm_m3_Hwi_priGroup__C)

.const:ti_sysbios_family_arm_m3_TaskSupport_stackAlignment__C 
*          0    00001224    00000004     
                  00001224    00000004     app_ble_pem3.oem3 (.const:ti_sysbios_family_arm_m3_TaskSupport_stackAlignment__C)

.const:ti_sysbios_heaps_HeapMem_E_memory__C 
*          0    00001228    00000004     
                  00001228    00000004     app_ble_pem3.oem3 (.const:ti_sysbios_heaps_HeapMem_E_memory__C)

.const:ti_sysbios_heaps_HeapMem_Module__gateObj__C 
*          0    0000122c    00000004     
                  0000122c    00000004     app_ble_pem3.oem3 (.const:ti_sysbios_heaps_HeapMem_Module__gateObj__C)

.const:ti_sysbios_heaps_HeapMem_Object__count__C 
*          0    00001230    00000004     
                  00001230    00000004     app_ble_pem3.oem3 (.const:ti_sysbios_heaps_HeapMem_Object__count__C)

.const:ti_sysbios_heaps_HeapMem_Object__table__C 
*          0    00001234    00000004     
                  00001234    00000004     app_ble_pem3.oem3 (.const:ti_sysbios_heaps_HeapMem_Object__table__C)

.const:ti_sysbios_heaps_HeapMem_reqAlign__C 
*          0    00001238    00000004     
                  00001238    00000004     app_ble_pem3.oem3 (.const:ti_sysbios_heaps_HeapMem_reqAlign__C)

.const:ti_sysbios_knl_Clock_triggerClock__C 
*          0    0000123c    00000004     
                  0000123c    00000004     app_ble_pem3.oem3 (.const:ti_sysbios_knl_Clock_triggerClock__C)

.const:ti_sysbios_knl_Mailbox_Object__count__C 
*          0    00001240    00000004     
                  00001240    00000004     app_ble_pem3.oem3 (.const:ti_sysbios_knl_Mailbox_Object__count__C)

.const:ti_sysbios_knl_Mailbox_Object__table__C 
*          0    00001244    00000004     
                  00001244    00000004     app_ble_pem3.oem3 (.const:ti_sysbios_knl_Mailbox_Object__table__C)

.const:ti_sysbios_knl_Mailbox_maxTypeAlign__C 
*          0    00001248    00000004     
                  00001248    00000004     app_ble_pem3.oem3 (.const:ti_sysbios_knl_Mailbox_maxTypeAlign__C)

.const:ti_sysbios_knl_Queue_Object__count__C 
*          0    0000124c    00000004     
                  0000124c    00000004     app_ble_pem3.oem3 (.const:ti_sysbios_knl_Queue_Object__count__C)

.const:ti_sysbios_knl_Queue_Object__table__C 
*          0    00001250    00000004     
                  00001250    00000004     app_ble_pem3.oem3 (.const:ti_sysbios_knl_Queue_Object__table__C)

.const:ti_sysbios_knl_Semaphore_eventPost__C 
*          0    00001254    00000004     
                  00001254    00000004     app_ble_pem3.oem3 (.const:ti_sysbios_knl_Semaphore_eventPost__C)

.const:ti_sysbios_knl_Semaphore_eventSync__C 
*          0    00001258    00000004     
                  00001258    00000004     app_ble_pem3.oem3 (.const:ti_sysbios_knl_Semaphore_eventSync__C)

.const:ti_sysbios_knl_Swi_Object__count__C 
*          0    0000125c    00000004     
                  0000125c    00000004     app_ble_pem3.oem3 (.const:ti_sysbios_knl_Swi_Object__count__C)

.const:ti_sysbios_knl_Swi_Object__table__C 
*          0    00001260    00000004     
                  00001260    00000004     app_ble_pem3.oem3 (.const:ti_sysbios_knl_Swi_Object__table__C)

.const:ti_sysbios_knl_Swi_numPriorities__C 
*          0    00001264    00000004     
                  00001264    00000004     app_ble_pem3.oem3 (.const:ti_sysbios_knl_Swi_numPriorities__C)

.const:ti_sysbios_knl_Task_Object__count__C 
*          0    00001268    00000004     
                  00001268    00000004     app_ble_pem3.oem3 (.const:ti_sysbios_knl_Task_Object__count__C)

.const:ti_sysbios_knl_Task_Object__table__C 
*          0    0000126c    00000004     
                  0000126c    00000004     app_ble_pem3.oem3 (.const:ti_sysbios_knl_Task_Object__table__C)

.const:ti_sysbios_knl_Task_allBlockedFunc__C 
*          0    00001270    00000004     
                  00001270    00000004     app_ble_pem3.oem3 (.const:ti_sysbios_knl_Task_allBlockedFunc__C)

.const:ti_sysbios_knl_Task_defaultStackHeap__C 
*          0    00001274    00000004     
                  00001274    00000004     app_ble_pem3.oem3 (.const:ti_sysbios_knl_Task_defaultStackHeap__C)

.const:ti_sysbios_knl_Task_defaultStackSize__C 
*          0    00001278    00000004     
                  00001278    00000004     app_ble_pem3.oem3 (.const:ti_sysbios_knl_Task_defaultStackSize__C)

.const:ti_sysbios_knl_Task_numConstructedTasks__C 
*          0    0000127c    00000004     
                  0000127c    00000004     app_ble_pem3.oem3 (.const:ti_sysbios_knl_Task_numConstructedTasks__C)

.const:ti_sysbios_family_arm_cc26xx_Timer_Module__id__C 
*          0    00001280    00000002     
                  00001280    00000002     app_ble_pem3.oem3 (.const:ti_sysbios_family_arm_cc26xx_Timer_Module__id__C)

.const:ti_sysbios_family_arm_cc26xx_TimestampProvider_useClockTimer__C 
*          0    00001282    00000002     
                  00001282    00000002     app_ble_pem3.oem3 (.const:ti_sysbios_family_arm_cc26xx_TimestampProvider_useClockTimer__C)

.const:ti_sysbios_family_arm_m3_Hwi_Module__id__C 
*          0    00001284    00000002     
                  00001284    00000002     app_ble_pem3.oem3 (.const:ti_sysbios_family_arm_m3_Hwi_Module__id__C)

.const:ti_sysbios_gates_GateHwi_Module__id__C 
*          0    00001286    00000002     
                  00001286    00000002     app_ble_pem3.oem3 (.const:ti_sysbios_gates_GateHwi_Module__id__C)

.const:ti_sysbios_gates_GateMutex_Module__id__C 
*          0    00001288    00000002     
                  00001288    00000002     app_ble_pem3.oem3 (.const:ti_sysbios_gates_GateMutex_Module__id__C)

.const:ti_sysbios_heaps_HeapMem_Module__id__C 
*          0    0000128a    00000002     
                  0000128a    00000002     app_ble_pem3.oem3 (.const:ti_sysbios_heaps_HeapMem_Module__id__C)

.const:ti_sysbios_knl_Task_initStackFlag__C 
*          0    0000128c    00000002     
                  0000128c    00000002     app_ble_pem3.oem3 (.const:ti_sysbios_knl_Task_initStackFlag__C)

.const:ti_sysbios_knl_Clock_tickMode__C 
*          0    0000128e    00000001     
                  0000128e    00000001     app_ble_pem3.oem3 (.const:ti_sysbios_knl_Clock_tickMode__C)

.const:xdc_runtime_Startup_firstFxns__C 
*          0    00001290    00000008     
                  00001290    00000008     app_ble_pem3.oem3 (.const:xdc_runtime_Startup_firstFxns__C)

.const:xdc_runtime_Startup_lastFxns__C 
*          0    00001298    00000008     
                  00001298    00000008     app_ble_pem3.oem3 (.const:xdc_runtime_Startup_lastFxns__C)

.const:xdc_runtime_Assert_E_assertFailed__C 
*          0    000012a0    00000004     
                  000012a0    00000004     app_ble_pem3.oem3 (.const:xdc_runtime_Assert_E_assertFailed__C)

.const:xdc_runtime_Error_E_memory__C 
*          0    000012a4    00000004     
                  000012a4    00000004     app_ble_pem3.oem3 (.const:xdc_runtime_Error_E_memory__C)

.const:xdc_runtime_Error_policyFxn__C 
*          0    000012a8    00000004     
                  000012a8    00000004     app_ble_pem3.oem3 (.const:xdc_runtime_Error_policyFxn__C)

.const:xdc_runtime_Error_raiseHook__C 
*          0    000012ac    00000004     
                  000012ac    00000004     app_ble_pem3.oem3 (.const:xdc_runtime_Error_raiseHook__C)

.const:xdc_runtime_IGateProvider_Interface__BASE__C 
*          0    000012b0    00000004     
                  000012b0    00000004     app_ble_pem3.oem3 (.const:xdc_runtime_IGateProvider_Interface__BASE__C)

.const:xdc_runtime_IHeap_Interface__BASE__C 
*          0    000012b4    00000004     
                  000012b4    00000004     app_ble_pem3.oem3 (.const:xdc_runtime_IHeap_Interface__BASE__C)

.const:xdc_runtime_IModule_Interface__BASE__C 
*          0    000012b8    00000004     
                  000012b8    00000004     app_ble_pem3.oem3 (.const:xdc_runtime_IModule_Interface__BASE__C)

.const:xdc_runtime_Memory_defaultHeapInstance__C 
*          0    000012bc    00000004     
                  000012bc    00000004     app_ble_pem3.oem3 (.const:xdc_runtime_Memory_defaultHeapInstance__C)

.const:xdc_runtime_Startup_execImpl__C 
*          0    000012c0    00000004     
                  000012c0    00000004     app_ble_pem3.oem3 (.const:xdc_runtime_Startup_execImpl__C)

.const:xdc_runtime_Startup_maxPasses__C 
*          0    000012c4    00000004     
                  000012c4    00000004     app_ble_pem3.oem3 (.const:xdc_runtime_Startup_maxPasses__C)

.const:xdc_runtime_Startup_sfxnRts__C 
*          0    000012c8    00000004     
                  000012c8    00000004     app_ble_pem3.oem3 (.const:xdc_runtime_Startup_sfxnRts__C)

.const:xdc_runtime_Startup_sfxnTab__C 
*          0    000012cc    00000004     
                  000012cc    00000004     app_ble_pem3.oem3 (.const:xdc_runtime_Startup_sfxnTab__C)

.const:xdc_runtime_Startup_startModsFxn__C 
*          0    000012d0    00000004     
                  000012d0    00000004     app_ble_pem3.oem3 (.const:xdc_runtime_Startup_startModsFxn__C)

.const:xdc_runtime_SysCallback_abortFxn__C 
*          0    000012d4    00000004     
                  000012d4    00000004     app_ble_pem3.oem3 (.const:xdc_runtime_SysCallback_abortFxn__C)

.const:xdc_runtime_SysCallback_exitFxn__C 
*          0    000012d8    00000004     
                  000012d8    00000004     app_ble_pem3.oem3 (.const:xdc_runtime_SysCallback_exitFxn__C)

.const:xdc_runtime_System_abortFxn__C 
*          0    000012dc    00000004     
                  000012dc    00000004     app_ble_pem3.oem3 (.const:xdc_runtime_System_abortFxn__C)

.const:xdc_runtime_System_exitFxn__C 
*          0    000012e0    00000004     
                  000012e0    00000004     app_ble_pem3.oem3 (.const:xdc_runtime_System_exitFxn__C)

.const:xdc_runtime_System_maxAtexitHandlers__C 
*          0    000012e4    00000004     
                  000012e4    00000004     app_ble_pem3.oem3 (.const:xdc_runtime_System_maxAtexitHandlers__C)

.const:xdc_runtime_Text_charTab__C 
*          0    000012e8    00000004     
                  000012e8    00000004     app_ble_pem3.oem3 (.const:xdc_runtime_Text_charTab__C)

.const:xdc_runtime_Text_nameEmpty__C 
*          0    000012ec    00000004     
                  000012ec    00000004     app_ble_pem3.oem3 (.const:xdc_runtime_Text_nameEmpty__C)

.const:xdc_runtime_Text_nameStatic__C 
*          0    000012f0    00000004     
                  000012f0    00000004     app_ble_pem3.oem3 (.const:xdc_runtime_Text_nameStatic__C)

.const:xdc_runtime_Text_nameUnknown__C 
*          0    000012f4    00000004     
                  000012f4    00000004     app_ble_pem3.oem3 (.const:xdc_runtime_Text_nameUnknown__C)

.const:xdc_runtime_Error_maxDepth__C 
*          0    000012f8    00000002     
                  000012f8    00000002     app_ble_pem3.oem3 (.const:xdc_runtime_Error_maxDepth__C)

.const:xdc_runtime_Memory_Module__id__C 
*          0    000012fa    00000002     
                  000012fa    00000002     app_ble_pem3.oem3 (.const:xdc_runtime_Memory_Module__id__C)

.const:xdc_runtime_Text_charCnt__C 
*          0    000012fc    00000002     
                  000012fc    00000002     app_ble_pem3.oem3 (.const:xdc_runtime_Text_charCnt__C)

.const:xdc_runtime_Text_isLoaded__C 
*          0    000012fe    00000002     
                  000012fe    00000002     app_ble_pem3.oem3 (.const:xdc_runtime_Text_isLoaded__C)

.const:xdc_runtime_Error_policy__C 
*          0    00001300    00000001     
                  00001300    00000001     app_ble_pem3.oem3 (.const:xdc_runtime_Error_policy__C)

.const:ti_sysbios_rom_ROM_ti_sysbios_family_arm_cc26xx_Timer_getCount64__E 
*          0    00001304    00000004     
                  00001304    00000004     app_ble_pem3.oem3 (.const:ti_sysbios_rom_ROM_ti_sysbios_family_arm_cc26xx_Timer_getCount64__E)

.const:ti_sysbios_rom_ROM_ti_sysbios_family_arm_cc26xx_Timer_getCurrentTick__E 
*          0    00001308    00000004     
                  00001308    00000004     app_ble_pem3.oem3 (.const:ti_sysbios_rom_ROM_ti_sysbios_family_arm_cc26xx_Timer_getCurrentTick__E)

.const:ti_sysbios_rom_ROM_ti_sysbios_family_arm_cc26xx_Timer_getMaxTicks__E 
*          0    0000130c    00000004     
                  0000130c    00000004     app_ble_pem3.oem3 (.const:ti_sysbios_rom_ROM_ti_sysbios_family_arm_cc26xx_Timer_getMaxTicks__E)

.const:ti_sysbios_rom_ROM_ti_sysbios_family_arm_cc26xx_Timer_initDevice__I 
*          0    00001310    00000004     
                  00001310    00000004     app_ble_pem3.oem3 (.const:ti_sysbios_rom_ROM_ti_sysbios_family_arm_cc26xx_Timer_initDevice__I)

.const:ti_sysbios_rom_ROM_ti_sysbios_family_arm_cc26xx_Timer_setNextTick__E 
*          0    00001314    00000004     
                  00001314    00000004     app_ble_pem3.oem3 (.const:ti_sysbios_rom_ROM_ti_sysbios_family_arm_cc26xx_Timer_setNextTick__E)

.const:ti_sysbios_rom_ROM_ti_sysbios_family_arm_cc26xx_Timer_setThreshold__I 
*          0    00001318    00000004     
                  00001318    00000004     app_ble_pem3.oem3 (.const:ti_sysbios_rom_ROM_ti_sysbios_family_arm_cc26xx_Timer_setThreshold__I)

.const:ti_sysbios_rom_ROM_ti_sysbios_family_arm_cc26xx_Timer_start__E 
*          0    0000131c    00000004     
                  0000131c    00000004     app_ble_pem3.oem3 (.const:ti_sysbios_rom_ROM_ti_sysbios_family_arm_cc26xx_Timer_start__E)

.const:ti_sysbios_rom_ROM_ti_sysbios_family_arm_cc26xx_TimestampProvider_get32__E 
*          0    00001320    00000004     
                  00001320    00000004     app_ble_pem3.oem3 (.const:ti_sysbios_rom_ROM_ti_sysbios_family_arm_cc26xx_TimestampProvider_get32__E)

.const:ti_sysbios_rom_ROM_xdc_runtime_Startup_getState__I 
*          0    00001324    00000004     
                  00001324    00000004     app_ble_pem3.oem3 (.const:ti_sysbios_rom_ROM_xdc_runtime_Startup_getState__I)

.const:ti_sysbios_rom_ROM_xdc_runtime_System_SupportProxy_abort__E 
*          0    00001328    00000004     
                  00001328    00000004     app_ble_pem3.oem3 (.const:ti_sysbios_rom_ROM_xdc_runtime_System_SupportProxy_abort__E)

.const:ti_sysbios_rom_ROM_xdc_runtime_System_SupportProxy_exit__E 
*          0    0000132c    00000004     
                  0000132c    00000004     app_ble_pem3.oem3 (.const:ti_sysbios_rom_ROM_xdc_runtime_System_SupportProxy_exit__E)

.text.2    0    00001330    0000f89c     
                  00001330    00000540     simple_np_uuid.obj (.text:SNP_findUUIDRec)
                  00001870    000004e4     simple_np.obj (.text:SNP_taskFxn$0)
                  00001d54    00000388     simple_np.obj (.text:SNP_processHciCmd$0)
                  000020dc    0000033c     RFCC26XX_singleMode.obj (.text:fsmActiveState$7)
                  00002418    0000031c     simple_np.obj (.text:SNP_ProcessHCICmdCompleteEvt$0)
                  00002734    00000314     drivers_cc26x0r2.aem3 : PowerCC26XX_calibrateRCOSC.oem3 (.text:PowerCC26XX_auxISR)
                  00002a48    00000300     cc2640_ll_pxxx.a : ll_scheduler.o (.text)
                  00002d48    000002f8     peripheral.obj (.text:GAPRole_SetParameter)
                  00003040    000002e4     cc2640_ll_pxxx.a : ll.o (.text)
                  00003324    000002bc     simple_np_cc2640r2lp_stack_library.lib : icall_startup.obj (.text:startup_entry)
                  000035e0    000002b8     simple_np_gap.obj (.text:SNP_processStateChangeEvt)
                  00003898    00000258     drivers_cc26x0r2.aem3 : CryptoCC26XX.oem3 (.text:cryptoTransactionExecute)
                  00003af0    00000244                           : PowerCC26XX.oem3 (.text:Power_sleep)
                  00003d34    00000238     cc26xx_profiles_pxxx_del.a : gapgattserver.o (.text)
                  00003f6c    0000022c     simple_np_cc2640r2lp_stack_library.lib : gapbondmgr.obj (.text:GAPBondMgr_SetParameter)
                  00004198    00000220     cc2640_ll_pxxx.a : ll_isr.o (.text)
                  000043b8    00000214     RFCC26XX_singleMode.obj (.text:RF_open)
                  000045cc    00000214     cc2640_ll_pxxx.a : ll_common.o (.text)
                  000047e0    00000210     driverlib.lib : sys_ctrl.obj (.text:NOROM_SysCtrlSetRechargeBeforePowerDown)
                  000049f0    00000204     npi_task.obj (.text:NPITask_Fxn)
                  00004bf4    00000204     cc26xx_profiles_pxxx_del.a : gattservapp.o (.text)
                  00004df8    00000204     cc26xx_sm_pxxx_del.a : sm_pairing.o (.text)
                  00004ffc    000001f4     rtsv7M3_T_le_eabi.lib : ull_div_t2.obj (.text)
                  000051f0    000001e0     simple_np.obj (.text:SNP_processSendNotifIndCmd$0)
                  000053d0    000001dc     npi_task.obj (.text:NPITask_open)
                  000055ac    000001dc     RFCC26XX_singleMode.obj (.text:fsmSetupState$7)
                  00005788    000001cc     simple_np_gatt.obj (.text:SNP_readCharCnf)
                  00005954    000001c4     cc2640_ll_pxxx.a : ll_isr.o (.text)
                  00005b18    000001c0     simple_np.obj (.text:SNP_processStartAdvCmd$0)
                  00005cd8    000001c0     simple_np_cc2640r2lp_stack_library.lib : osal.obj (.text:osal_start_system)
                  00005e98    000001bc     drivers_cc26x0r2.aem3 : PINCC26XX.oem3 (.text:PIN_init)
                  00006054    000001bc     RFCC26XX_singleMode.obj (.text:hwiFxnCpe0Active$7)
                  00006210    000001b8     simple_np_cc2640r2lp_stack_library.lib : gapbondmgr.obj (.text:GAPBondMgr_ProcessGAPMsg)
                  000063c8    000001a8     cc2640_ll_pxxx.a : ll_isr.o (.text)
                  00006570    00000194     ECCROMCC26XX.obj (.text:ECCROMCC26XX_genDHKey)
                  00006704    00000194     simple_np.obj (.text:SNP_processAddCharValDeclCmd$0)
                  00006898    00000190     drivers_cc26x0r2.aem3 : PowerCC26XX_calibrateRCOSC.oem3 (.text:PowerCC26XX_doCalibrate)
                  00006a28    00000190     simple_np_cc2640r2lp_stack_library.lib : gapbondmgr.obj (.text:gapBondMgrAuthenticate$42)
                  00006bb8    00000190     icall.obj (.text:icall_directAPI)
                  00006d48    00000188     simple_np_cc2640r2lp_stack_library.lib : gapbondmgr.obj (.text:gapBondMgrAddBond$42)
                  00006ed0    00000180     simple_np.obj (.text:SNP_processGetGattParamCmd$0)
                  00007050    0000016c     cc2640_ll_pxxx.a : ll.o (.text)
                  000071bc    0000015c     drivers_cc26x0r2.aem3 : UARTCC26XX.oem3 (.text:UARTCC26XX_open)
                  00007318    00000158     simple_np.obj (.text:SNP_processRegisterServiceCmd$0)
                  00007470    00000150     simple_np_cc2640r2lp_stack_library.lib : gapbondmgr.obj (.text:GAPBondMgr_ProcessEvent)
                  000075c0    0000013c     simple_np_gatt.obj (.text:SNP_writeCharCnf)
                  000076fc    0000012c     drivers_cc26x0r2.aem3 : PowerCC26XX.oem3 (.text:Power_init)
                  00007828    00000128     ECCROMCC26XX.obj (.text:ECCROMCC26XX_genKeys)
                  00007950    00000128     cc2640_ll_pxxx.a : ll_scheduler.o (.text)
                  00007a78    00000124     peripheral.obj (.text:GAPRole_GetParameter)
                  00007b9c    00000124     cc26xx_profiles_pxxx_del.a : gattservapp.o (.text)
                  00007cc0    0000011c     drivers_cc26x0r2.aem3 : UARTCC26XX.oem3 (.text:UARTCC26XX_read)
                  00007ddc    0000011c     simple_np_cc2640r2lp_stack_library.lib : osal_snv_wrapper.obj (.text:compactPage$39)
                  00007ef8    00000114     simple_np.obj (.text:SNP_processSetGattParamCmd$0)
                  0000800c    00000112     drivers_cc26x0r2.aem3 : UARTCC26XX.oem3 (.text:UARTCC26XX_hwiIntFxn)
                  0000811e    00000112     cc26xx_gatt_pxxx_del.a : gatt_server.o (.text)
                  00008230    00000108     gatt_uuid.obj (.text:GATT_FindUUIDRec)
                  00008338    00000108     simple_np_gatt.obj (.text:SNP_writeAttrCB$3)
                  00008440    00000100     RFCC26XX_singleMode.obj (.text:radioOpDoneCb$7)
                  00008540    000000fc     RFCC26XX_singleMode.obj (.text:RF_postCmd)
                  0000863c    000000fc     simple_np.obj (.text:SNP_processUpdateConnParamCmd$0)
                  00008738    000000fc     drivers_cc26x0r2.aem3 : UARTCC26XX.oem3 (.text:UARTCC26XX_write)
                  00008834    000000f8     simple_np.obj (.text:SNP_processAddServiceCmd$0)
                  0000892c    000000f8     simple_np_cc2640r2lp_stack_library.lib : gapbondmgr.obj (.text:gapBondMgrEraseBonding$42)
                  00008a24    000000f8                                            : osal_snv_wrapper.obj (.text:osal_snv_write)
                  00008b1c    000000ec                                            : gapbondmgr.obj (.text:GAPBondMgr_GetParameter)
                  00008c08    000000ec     icall.obj (.text:ICall_heapMalloc)
                  00008cf4    000000ec     RFCC26XX_singleMode.obj (.text:RF_pendCmd)
                  00008de0    000000ec     RFCC26XX_singleMode.obj (.text:fsmPowerUpState$7)
                  00008ecc    000000e8     dpl_cc26x0r2.aem3 : PowerCC26XX_tirtos.oem3 (.text:PowerCC26XX_standbyPolicy)
                  00008fb4    000000e8     simple_np_cc2640r2lp_stack_library.lib : osal_timers.obj (.text:osalTimerUpdate)
                  0000909c    000000e4     cc26xx_sm_pxxx_del.a : sm_pairing.o (.text)
                  00009180    000000e4     main.obj (.text:main)
                  00009264    000000dc     drivers_cc26x0r2.aem3 : PINCC26XX.oem3 (.text:PINCC26XX_setIoCfg)
                  00009340    000000d8     cc26xx_profiles_pxxx_del.a : gattservapp.o (.text)
                  00009418    000000d4     drivers_cc26x0r2.aem3 : CryptoCC26XX.oem3 (.text:CryptoCC26XX_open)
                  000094ec    000000c8     npi_task.obj (.text:NPITask_ProcessTXQ$14)
                  000095b4    000000c4     simple_np_gatt.obj (.text:SNP_sendWriteRequest$3)
                  00009678    000000c4     cc26xx_sm_pxxx_del.a : sm_pairing.o (.text)
                  0000973c    000000c0     simple_np_cc2640r2lp_stack_library.lib : osal.obj (.text:osal_set_event)
                  000097fc    000000bc     npi_tl_uart.obj (.text:NPITLUART_readCallBack$17)
                  000098b8    000000bc     npi_task.obj (.text:NPITask_transportDoneCallBack$14)
                  00009974    000000bc     drivers_cc26x0r2.aem3 : PowerCC26XX.oem3 (.text:Power_releaseDependency)
                  00009a30    000000b8     driverlib.lib : setup.obj (.text:NOROM_SetupTrimDevice)
                  00009ae8    000000b8     cc2640_ll_pxxx.a : ll_scheduler.o (.text)
                  00009ba0    000000b4     drivers_cc26x0r2.aem3 : PowerCC26XX.oem3 (.text:Power_setDependency)
                  00009c54    000000b4     devinfoservice.obj (.text:devInfo_ReadAttrCB$19)
                  00009d08    000000b0     TRNGCC26XX.obj (.text:TRNGCC26XX_getNumber)
                  00009db8    000000b0     drivers_cc26x0r2.aem3 : UARTCC26XX.oem3 (.text:UARTCC26XX_initHw)
                  00009e68    000000b0     RFCC26XX_singleMode.obj (.text:abortCmd$7)
                  00009f18    000000a8     RFCC26XX_singleMode.obj (.text:swiFxnHw$7)
                  00009fc0    000000a4     simple_np_cc2640r2lp_stack_library.lib : gapbondmgr.obj (.text:GAPBondMgr_LinkEst)
                  0000a064    000000a4     simple_np.obj (.text:SNP_processSetSecParamCmd$0)
                  0000a108    000000a4     simple_np_cc2640r2lp_stack_library.lib : osal.obj (.text:osal_msg_enqueue_push$34)
                  0000a1ac    000000a4     drivers_cc26x0r2.aem3 : PowerCC26XX.oem3 (.text:switchXOSCHFclockFunc)
                  0000a250    000000a0     simple_np_cc2640r2lp_stack_library.lib : gapbondmgr.obj (.text:GAPBondMgr_ResolveAddr)
                  0000a2f0    000000a0     simple_np.obj (.text:SNP_processSendSecRequestCmd$0)
                  0000a390    000000a0     simple_np.obj (.text:SNP_processSetAdvDataCmd$0)
                  0000a430    000000a0     auto_init.aem3 : auto_init.oem3 (.text)
                  0000a4d0    000000a0     RFCC26XX_singleMode.obj (.text:discardPendCmd$7)
                  0000a570    000000a0     rom_sysbios.aem3 : rom_sysbios.obj (.text:ti_sysbios_knl_Task_setPri__E)
                  0000a610    0000009c     simple_np_cc2640r2lp_stack_library.lib : osal_cbtimer.obj (.text:cbTimerSetup$36)
                  0000a6ac    0000009c                                            : gapbondmgr.obj (.text:gapBondMgrUpdateCharCfg$42)
                  0000a748    0000009c     rtsv7M3_T_le_eabi.lib : memcpy_t2.obj (.text)
                  0000a7e4    00000098     drivers_cc26x0r2.aem3 : PINCC26XX.oem3 (.text:PIN_open)
                  0000a87c    00000098                           : UARTCC26XX.oem3 (.text:UARTCC26XX_initIO)
                  0000a914    00000098     rom_sysbios.aem3 : rom_sysbios.obj (.text:ti_sysbios_knl_Clock_workFuncDynamic__E)
                  0000a9ac    00000094     icall.obj (.text:ICall_setTimer)
                  0000aa40    00000094     simple_np_cc2640r2lp_stack_library.lib : osal.obj (.text:osal_msg_receive)
                  0000aad4    00000094                                            : osal_timers.obj (.text:osal_timer_refTimeUpdate)
                  0000ab68    00000090     driverlib.lib : crypto.obj (.text:NOROM_CRYPTOAesLoadKey)
                  0000abf8    00000090     simple_np_gatt.obj (.text:SNP_readAttrCB$3)
                  0000ac88    00000090     driverlib.lib : setup.obj (.text:TrimAfterColdResetWakeupFromShutDown$27)
                  0000ad18    00000090     cc2640_hci_tl_none.a : hci_tl.o (.text)
                  0000ada8    00000090     cc2640_ll_pxxx.a : ll_enc.o (.text)
                  0000ae38    0000008c     simple_np_gatt.obj (.text:SNP_processWriteReq$3)
                  0000aec4    0000008c     drivers_cc26x0r2.aem3 : UARTCC26XX.oem3 (.text:UARTCC26XX_close)
                  0000af50    0000008c                           : UARTCC26XX.oem3 (.text:UARTCC26XX_writeCancel)
                  0000afdc    0000008c     RFCC26XX_singleMode.obj (.text:ratFreeChannel$7)
                  0000b068    0000008c     drivers_cc26x0r2.aem3 : UARTCC26XX.oem3 (.text:writeFinishedDoCallback)
                  0000b0f4    00000088                           : CryptoCC26XX.oem3 (.text:CryptoCC26XX_allocateKey)
                  0000b17c    00000088     simple_np.obj (.text:SNP_processGetRevCmd$0)
                  0000b204    00000088     cc2640_ll_pxxx.a : ll.o (.text)
                  0000b28c    00000088     cc26xx_profiles_pxxx_del.a : gapgattserver.o (.text)
                  0000b314    00000088     peripheral.obj (.text:gapRole_startConnUpdate$22)
                  0000b39c    00000088     RFCC26XX_singleMode.obj (.text:hwiFxnHw$7)
                  0000b424    00000086     cc2640_ll_pxxx.a : ll_common.o (.text)
                  0000b4aa    00000002     ble_user_config.obj (.text:DefaultAssertCback)
                  0000b4ac    00000084     simple_np.obj (.text:SNP_eventToHost_send)
                  0000b530    00000080     npi_tl.obj (.text:NPITL_remRdyPINHwiFxn$15)
                  0000b5b0    0000007c     icall.obj (.text:ICall_heapInit)
                  0000b62c    0000007c     cc2640_hci_pxxx.a : hci_event.o (.text)
                  0000b6a8    0000007c     cc2640_ll_pxxx.a : ll_scheduler.o (.text)
                  0000b724    0000007c     cc26xx_gap_pxxx_del.a : gap_linkmgr.o (.text)
                  0000b7a0    0000007c     cc26xx_l2cap_pxxx_del.a : l2cap_task.o (.text)
                  0000b81c    0000007c     simple_np_cc2640r2lp_stack_library.lib : osal.obj (.text:osal_event_send$34)
                  0000b898    0000007c     RFCC26XX_singleMode.obj (.text:rfReleaseConstraint)
                  0000b914    0000007a     rtsv7M3_T_le_eabi.lib : memset_t2.obj (.text)
                  0000b98e    00000078     cc26xx_profiles_pxxx_del.a : gattservapp.o (.text)
                  0000ba06    00000078     drivers_cc26x0r2.aem3 : UARTCC26XX.oem3 (.text:writeTxFifoFlush)
                  0000ba7e    00000002     simple_np_cc2640r2lp_stack_library.lib : onboard.obj (.text:Onboard_soft_reset)
                  0000ba80    00000074                                            : gapbondmgr.obj (.text:GAPBondMgr_syncResolvingList)
                  0000baf4    00000074     cc2640_ll_pxxx.a : ll_common.o (.text)
                  0000bb68    00000074     rom_sysbios.aem3 : rom_sysbios.obj (.text:ti_sysbios_family_arm_cc26xx_Timer_start__E)
                  0000bbdc    00000070     icall.obj (.text:ICall_heapGetStats)
                  0000bc4c    00000070     driverlib.lib : sys_ctrl.obj (.text:NOROM_SysCtrlAdjustRechargeAfterPowerDown)
                  0000bcbc    00000070     simple_np_cc2640r2lp_stack_library.lib : ble_dispatch_lite.obj (.text:ble_dispatch_liteProcess)
                  0000bd2c    00000070     cc26xx_l2cap_pxxx_del.a : l2cap_task.o (.text)
                  0000bd9c    00000070     drivers_cc26x0r2.aem3 : PowerCC26XX.oem3 (.text:lfClockReadyCallback)
                  0000be0c    00000070     simple_np_cc2640r2lp_stack_library.lib : osal_snv_wrapper.obj (.text:writeWord$39)
                  0000be7c    0000006c     icall.obj (.text:ICall_sendServiceComplete)
                  0000bee8    0000006c     driverlib.lib : osc.obj (.text:NOROM_OSCHF_AttemptToSwitchToXosc)
                  0000bf54    0000006c     drivers_cc26x0r2.aem3 : PowerCC26XX_calibrateRCOSC.oem3 (.text:PowerCC26XX_initiateCalibration)
                  0000bfc0    0000006c     simple_np_gatt.obj (.text:SNP_findAttrValuebyhandle$3)
                  0000c02c    0000006c     simple_np.obj (.text:SNP_processSetAttrValueCmd$0)
                  0000c098    0000006c     simple_np_gatt.obj (.text:SNP_purgeResources$3)
                  0000c104    0000006c     cc2640_ll_pxxx.a : ll_scheduler.o (.text)
                  0000c170    0000006c     cc26xx_l2cap_pxxx_del.a : l2cap_task.o (.text)
                  0000c1dc    0000006c     drivers_cc26x0r2.aem3 : PowerCC26XX.oem3 (.text:configureXOSCHF)
                  0000c248    0000006c     RFCC26XX_singleMode.obj (.text:ratDispatchTime$7)
                  0000c2b4    00000068     driverlib.lib : sys_ctrl.obj (.text:NOROM_SysCtrl_DCDC_VoltageConditionalControl)
                  0000c31c    00000068     simple_np.obj (.text:SNP_processSetWhiteListReqCmd$0)
                  0000c384    00000068     simple_np.obj (.text:SNP_replyToHostValue_send)
                  0000c3ec    00000068     drivers_cc26x0r2.aem3 : UARTCC26XX.oem3 (.text:UARTCC26XX_readCancel)
                  0000c454    00000068     cc26xx_l2cap_pxxx_del.a : l2cap_util.o (.text)
                  0000c4bc    00000068     rtsv7M3_T_le_eabi.lib : copy_decompress_lzss.obj (.text:decompress:lzss)
                  0000c524    00000068     simple_np_cc2640r2lp_stack_library.lib : osal_cbtimer.obj (.text:osal_CbTimerUpdate)
                  0000c58c    00000066     simple_np.obj (.text:SNP_processStopAdvCmd$0)
                  0000c5f2    00000002     simple_np_cc2640r2lp_stack_library.lib : sm_ecc.obj (.text:SM_dhKeyCB)
                  0000c5f4    00000064     icall.obj (.text:ICall_send)
                  0000c658    00000064     simple_np_gatt.obj (.text:SNP_addGenericAttr)
                  0000c6bc    00000064     simple_np.obj (.text:SNP_processGetGapParamCmd$0)
                  0000c720    00000064     cc26xx_l2cap_pxxx_del.a : l2cap_util.o (.text)
                  0000c784    00000064     cc26xx_profiles_pxxx_del.a : gattservapp.o (.text)
                  0000c7e8    00000062     simple_np_gap.obj (.text:SNP_paramUpdateCB)
                  0000c84a    00000002     simple_np_cc2640r2lp_stack_library.lib : sm_ecc.obj (.text:SM_p256KeyCB)
                  0000c84c    00000060     icall.obj (.text:ICall_createRemoteTasksAtRuntime)
                  0000c8ac    00000060     icall.obj (.text:ICall_enrollService)
                  0000c90c    00000060     cc2640_hci_pxxx.a : hci.o (.text)
                  0000c96c    00000060     RFCC26XX_singleMode.obj (.text:fsmXOSCState$7)
                  0000c9cc    00000060     simple_np_cc2640r2lp_stack_library.lib : gapbondmgr.obj (.text:gapBondMgrBondReq$42)
                  0000ca2c    0000005e     icall.obj (.text:ICall_fetchMsg)
                  0000ca8a    00000002     cc26xx_l2cap_pxxx_del.a : l2cap_if.o (.text)
                  0000ca8c    0000005c     icall.obj (.text:ICall_pwrUpdActivityCounter)
                  0000cae8    0000005c     drivers_cc26x0r2.aem3 : PowerCC26XX_calibrateRCOSC.oem3 (.text:PowerCC26XX_RCOSC_clockFunc)
                  0000cb44    0000005c                           : PowerCC26XX.oem3 (.text:PowerCC26XX_calibrate)
                  0000cba0    0000005c     simple_np.obj (.text:SNP_processGetStatusCmd$0)
                  0000cbfc    0000005c     simple_np.obj (.text:SNP_processTerminateConnCmd$0)
                  0000cc58    0000005c     cc26xx_profiles_pxxx_del.a : gattservapp.o (.text)
                  0000ccb4    0000005c                                : gattservapp.o (.text)
                  0000cd10    0000005c     app_ble_pem3.oem3 (.text:xdc_runtime_Startup_getState__I)
                  0000cd6c    0000005a     RFCC26XX_singleMode.obj (.text:syncCb$7)
                  0000cdc6    00000058     icall.obj (.text:ICall_wait)
                  0000ce1e    00000002     RFCC26XX_singleMode.obj (.text:defaultCallback$7)
                  0000ce20    00000058     drivers_cc26x0r2.aem3 : PINCC26XX.oem3 (.text:PIN_remove)
                  0000ce78    00000058     RFCC26XX_singleMode.obj (.text:RF_getCurrentTime)
                  0000ced0    00000058     drivers_cc26x0r2.aem3 : UARTCC26XX.oem3 (.text:UARTCC26XX_control)
                  0000cf28    00000058     RFCC26XX_singleMode.obj (.text:dispatchNextEvent$7)
                  0000cf80    00000058     simple_np_cc2640r2lp_stack_library.lib : osal_snv_wrapper.obj (.text:findItem$39)
                  0000cfd8    00000058                                            : gapbondmgr.obj (.text:gapBondMgrReadBonds$42)
                  0000d030    00000058                                            : osal_cbtimer.obj (.text:osal_CbTimerStop)
                  0000d088    00000056     cc26xx_l2cap_pxxx_del.a : l2cap_util.o (.text)
                  0000d0de    00000054     simple_np.obj (.text:SNP_processGetAttrValueCmd$0)
                  0000d132    00000002     drivers_cc26x0r2.aem3 : PowerCC26XX.oem3 (.text:emptyClockFunc)
                  0000d134    00000054     cc26xx_l2cap_pxxx_del.a : l2cap_task.o (.text)
                  0000d188    00000054     RFCC26XX_singleMode.obj (.text:cmdDispatchTime$7)
                  0000d1dc    00000054     rtsv7M3_T_le_eabi.lib : exit.obj (.text)
                  0000d230    00000050     ECCROMCC26XX.obj (.text:ECCROMCC26XX_Params_init)
                  0000d280    00000050     simple_np_cc2640r2lp_stack_library.lib : gapbondmgr.obj (.text:GAPBondMgr_LinkTerm)
                  0000d2d0    00000050     icall.obj (.text:ICall_registerApp)
                  0000d320    00000050     simple_np_cc2640r2lp_stack_library.lib : npi.obj (.text:NPI_WriteTransport)
                  0000d370    00000050     RFCC26XX_singleMode.obj (.text:RF_getInfo)
                  0000d3c0    00000050     cc26xx_profiles_pxxx_del.a : gattservapp.o (.text)
                  0000d410    00000050     drivers_cc26x0r2.aem3 : UARTCC26XX.oem3 (.text:startTxFifoEmptyClk)
                  0000d460    0000004c     main.obj (.text:AssertHandler)
                  0000d4ac    0000004c     icall.obj (.text:ICall_newTask$9)
                  0000d4f8    0000004c     npi_tl_uart.obj (.text:NPITLUART_validPacketFound$17)
                  0000d544    0000004c     RFCC26XX_singleMode.obj (.text:RF_wakeupNotifyFxn$7)
                  0000d590    0000004c     simple_np.obj (.text:SNP_processSetAuthDataReqCmd$0)
                  0000d5dc    0000004c     simple_np.obj (.text:SNP_replyToHost_send)
                  0000d628    0000004c     cc2640_hci_pxxx.a : hci.o (.text)
                  0000d674    0000004c     simple_np_cc2640r2lp_stack_library.lib : gapbondmgr.obj (.text:gapBondMgrUpdateLruBondList$42)
                  0000d6c0    0000004c                                            : osal_bufmgr.obj (.text:osal_bm_free)
                  0000d70c    0000004c     rtsv7M3_T_le_eabi.lib : cpy_tbl.obj (.text)
                  0000d758    00000048     dpl_cc26x0r2.aem3 : ClockP_tirtos.oem3 (.text:ClockP_construct)
                  0000d7a0    00000048     ECCROMCC26XX.obj (.text:ECC_initGlobals$6)
                  0000d7e8    00000048     drivers_cc26x0r2.aem3 : PINCC26XX.oem3 (.text:PIN_setOutputEnable)
                  0000d830    00000048     RFCC26XX_singleMode.obj (.text:Q_push$7)
                  0000d878    00000048     simple_np_cc2640r2lp_stack_library.lib : osal_timers.obj (.text:osalAddTimer)
                  0000d8c0    00000048     rom_sysbios.aem3 : rom_sysbios.obj (.text:ti_sysbios_family_arm_cc26xx_Timer_setThreshold__I)
                  0000d908    00000044     drivers_cc26x0r2.aem3 : CryptoCC26XX.oem3 (.text:CryptoCC26XX_loadKey)
                  0000d94c    00000044     peripheral.obj (.text:GAPRole_StartDevice)
                  0000d990    00000044     icall.obj (.text:ICall_heapFree)
                  0000d9d4    00000044     driverlib.lib : osc.obj (.text:NOROM_OSCHF_SwitchToRcOscTurnOffXosc)
                  0000da18    00000044     npi_tl_uart.obj (.text:NPITLUART_handleRemRdyEvent)
                  0000da5c    00000044     drivers_cc26x0r2.aem3 : RingBuf.oem3 (.text:RingBuf_put)
                  0000daa0    00000044     simple_np.obj (.text:SNP_processSetGapParamCmd$0)
                  0000dae4    00000044     boot.aem3 : boot.oem3 (.text)
                  0000db28    00000044     cc2640_ll_pxxx.a : ll_scheduler.o (.text)
                  0000db6c    00000044     cc26xx_profiles_pxxx_del.a : gattservapp.o (.text)
                  0000dbb0    00000044     simple_np_cc2640r2lp_stack_library.lib : osal_snv_wrapper.obj (.text:erasePage$39)
                  0000dbf4    00000044     drivers_cc26x0r2.aem3 : PowerCC26XX.oem3 (.text:notify)
                  0000dc38    00000044     simple_np_cc2640r2lp_stack_library.lib : osal_timers.obj (.text:osal_start_timerEx)
                  0000dc7c    00000042                                            : gapbondmgr.obj (.text:GAPBondMgr_UpdateCharCfg)
                  0000dcbe    00000042                                            : gap.obj (.text:GAP_DeviceInit)
                  0000dd00    00000042     simple_np.obj (.text:SNP_processCharReadCnfCmd$0)
                  0000dd42    00000002     simple_np_cc2640r2lp_stack_library.lib : hal_assert.obj (.text:halAssertHandler)
                  0000dd44    00000040     ECCROMCC26XX.obj (.text:ECCROMCC26XX_init)
                  0000dd84    00000040     peripheral.obj (.text:GAPRole_createTask)
                  0000ddc4    00000040     npi_tl_uart.obj (.text:NPITLUART_writeCallBack$17)
                  0000de04    00000040     drivers_cc26x0r2.aem3 : PINCC26XX.oem3 (.text:PIN_swi)
                  0000de44    00000040                           : PowerCC26XX.oem3 (.text:PowerCC26XX_isStableXOSC_HF)
                  0000de84    00000040                           : UART.oem3 (.text:UART_init)
                  0000dec4    00000040                           : UART.oem3 (.text:UART_open)
                  0000df04    00000040     cc26xx_profiles_pxxx_del.a : gattservapp.o (.text)
                  0000df44    00000040                                : gattservapp.o (.text)
                  0000df84    00000040     rom_sysbios.aem3 : rom_sysbios.obj (.text:ti_sysbios_heaps_HeapCallback_Module_startup__E)
                  0000dfc4    0000003e     dpl_cc26x0r2.aem3 : HwiP_tirtos.oem3 (.text:HwiP_construct)
                  0000e002    0000003e     drivers_cc26x0r2.aem3 : RingBuf.oem3 (.text:RingBuf_get)
                  0000e040    0000003c     driverlib.lib : osc.obj (.text:NOROM_OSC_HPOSCRelativeFrequencyOffsetGet)
                  0000e07c    0000003c     npi_tl_uart.obj (.text:NPITLUART_writeTransport)
                  0000e0b8    0000003c     npi_task.obj (.text:NPITask_sendToHost)
                  0000e0f4    0000003c     simple_np.obj (.text:SNP_createTask)
                  0000e130    0000003c     simple_np_gap.obj (.text:SNP_securityStateCB$2)
                  0000e16c    0000003c     dpl_cc26x0r2.aem3 : SwiP_tirtos.oem3 (.text:SwiP_construct)
                  0000e1a8    0000003c     cc2640_hci_tl_none.a : hci_tl.o (.text)
                  0000e1e4    0000003c     cc2640_ll_pxxx.a : ll_scheduler.o (.text)
                  0000e220    0000003c     cc26xx_profiles_pxxx_del.a : gapgattserver.o (.text)
                  0000e25c    0000003c                                : gattservapp.o (.text)
                  0000e298    0000003c                                : gattservapp.o (.text)
                  0000e2d4    0000003c     drivers_cc26x0r2.aem3 : PowerCC26XX.oem3 (.text:disableLfClkQualifiersEnableClkLoss)
                  0000e310    0000003c     simple_np_cc2640r2lp_stack_library.lib : osal_bufmgr.obj (.text:osal_bm_alloc)
                  0000e34c    0000003c                                            : osal_timers.obj (.text:osal_start_reload_timer)
                  0000e388    0000003c     rom_sysbios.aem3 : rom_sysbios.obj (.text:ti_sysbios_family_arm_m3_Hwi_construct2__E)
                  0000e3c4    0000003a     simple_np.obj (.text:SNP_processInvalidCmd$0)
                  0000e3fe    00000002     simple_np_cc2640r2lp_stack_library.lib : hal_assert.obj (.text:halAssertSpinlock)
                  0000e400    00000038     drivers_cc26x0r2.aem3 : PINCC26XX.oem3 (.text:PIN_setOutputValue)
                  0000e438    00000038                           : UARTCC26XX.oem3 (.text:UARTCC26XX_swiIntFxn)
                  0000e470    00000038     util.obj (.text:Util_restartClock)
                  0000e4a8    00000038     cc2640_ll_pxxx.a : ll_scheduler.o (.text)
                  0000e4e0    00000038                      : ll_scheduler.o (.text)
                  0000e518    00000038     cc26xx_l2cap_pxxx_del.a : l2cap_util.o (.text)
                  0000e550    00000038                             : l2cap_util.o (.text)
                  0000e588    00000038     simple_np_cc2640r2lp_stack_library.lib : osal_snv_wrapper.obj (.text:disableCache$39)
                  0000e5c0    00000038                                            : osal.obj (.text:osal_alien2proxy)
                  0000e5f8    00000038                                            : osal.obj (.text:osal_msec_timer_cback$34)
                  0000e630    00000038                                            : osal_timers.obj (.text:osal_stop_timerEx)
                  0000e668    00000038     rom_sysbios.aem3 : rom_sysbios.obj (.text:ti_sysbios_family_arm_cc26xx_Timer_getCurrentTick__E)
                  0000e6a0    00000036     RFCC26XX_singleMode.obj (.text:calculateDispatchTime$7)
                  0000e6d6    00000002     icall_api_lite.obj (.text:rfErrCb)
                  0000e6d8    00000034     peripheral.obj (.text:GAPRole_TerminateConnection)
                  0000e70c    00000034     gattservapp_util.obj (.text:GATTServApp_InitCharCfg)
                  0000e740    00000034     icall.obj (.text:ICall_searchServiceEntity)
                  0000e774    00000034     drivers_cc26x0r2.aem3 : PINCC26XX.oem3 (.text:PIN_setConfig)
                  0000e7a8    00000034                           : PowerCC26XX.oem3 (.text:Power_releaseConstraint)
                  0000e7dc    00000034     simple_np.obj (.text:SNP_processTestCmd$0)
                  0000e810    00000034     util.obj (.text:Util_constructClock)
                  0000e844    00000034     util.obj (.text:Util_enqueueMsg)
                  0000e878    00000034     cc2640_ll_pxxx.a : ll_isr.o (.text)
                  0000e8ac    00000034                      : ll_scheduler.o (.text)
                  0000e8e0    00000034     simple_np_cc2640r2lp_stack_library.lib : osal.obj (.text:osal_clear_event)
                  0000e914    00000034     RFCC26XX_singleMode.obj (.text:runDirectImmediateCmd$7)
                  0000e948    00000034     rom_sysbios.aem3 : rom_sysbios.obj (.text:ti_sysbios_family_arm_cc26xx_Timer_initDevice__I)
                  0000e97c    00000032     icall.obj (.text:ICall_fetchServiceMsg)
                  0000e9ae    00000032     cc26xx_l2cap_pxxx_del.a : l2cap_util.o (.text)
                  0000e9e0    00000032     rom_sysbios.aem3 : rom_sysbios.obj (.text:ti_sysbios_family_arm_cc26xx_Timer_setNextTick__E)
                  0000ea12    00000002     app_ble_pem3.oem3 (.text:ti_sysbios_BIOS_nullFunc__I)
                  0000ea14    00000030     simple_np_cc2640r2lp_stack_library.lib : gapbondmgr.obj (.text:GAPBondMgr_PasscodeRsp)
                  0000ea44    00000030                                            : hal_flash_wrapper.obj (.text:HalFlashRead)
                  0000ea74    00000030     icall.obj (.text:ICall_dispatch$9)
                  0000eaa4    00000030     icall.obj (.text:ICall_msecs2Ticks$9)
                  0000ead4    00000030     icall.obj (.text:ICall_primEntityId2ServiceId$9)
                  0000eb04    00000030     icall.obj (.text:ICall_searchTask$9)
                  0000eb34    00000030     npi_tl.obj (.text:NPITL_readTL)
                  0000eb64    00000030     npi_tl.obj (.text:NPITL_transmissionCallBack$15)
                  0000eb94    00000030     npi_task.obj (.text:NPITask_Params_init)
                  0000ebc4    00000030     npi_util.obj (.text:NPIUtil_enqueueMsg)
                  0000ebf4    00000030     drivers_cc26x0r2.aem3 : PowerCC26XX.oem3 (.text:Power_setConstraint)
                  0000ec24    00000030     RFCC26XX_singleMode.obj (.text:RF_runCmd)
                  0000ec54    00000030     simple_np_gap.obj (.text:SNP_passcodeCB$2)
                  0000ec84    00000030     simple_np.obj (.text:SNP_processRxMsg$0)
                  0000ecb4    00000030     cc26xx_gap_pxxx_del.a : gap_configmgr.o (.text)
                  0000ece4    00000030     cc26xx_profiles_pxxx_del.a : gattservapp.o (.text)
                  0000ed14    00000030     simple_np_cc2640r2lp_stack_library.lib : gapbondmgr.obj (.text:gapBondMgr_SyncWhiteList$42)
                  0000ed44    00000030     RFCC26XX_singleMode.obj (.text:getCmd$7)
                  0000ed74    00000030     simple_np_cc2640r2lp_stack_library.lib : osal_timers.obj (.text:osal_get_timeoutEx)
                  0000eda4    00000030     app_ble_pem3.oem3 (.text:ti_sysbios_BIOS_atExitFunc__I)
                  0000edd4    00000030     app_ble_pem3.oem3 (.text:ti_sysbios_BIOS_startFunc__I)
                  0000ee04    00000030     app_ble_pem3.oem3 (.text:ti_sysbios_heaps_HeapCallback_Object__create__S)
                  0000ee34    0000002e     icall_cc2650.obj (.text:ICallPlatform_pwrDispenseImpl$10)
                  0000ee62    0000002e     icall_cc2650.obj (.text:ICallPlatform_pwrRequireImpl$10)
                  0000ee90    0000002e     cc26xx_l2cap_pxxx_del.a : l2cap_util.o (.text)
                  0000eebe    0000002e     cc26xx_profiles_pxxx_del.a : gattservapp.o (.text)
                  0000eeec    0000002e     drivers_cc26x0r2.aem3 : CryptoCC26XX.oem3 (.text:cryptoTransactionPend)
                  0000ef1a    0000002e     simple_np_cc2640r2lp_stack_library.lib : osal.obj (.text:osal_build_uint32)
                  0000ef48    0000002e     drivers_cc26x0r2.aem3 : UARTCC26XX.oem3 (.text:readData)
                  0000ef76    0000002e                           : UARTCC26XX.oem3 (.text:writeData)
                  0000efa4    0000002c     icall.obj (.text:ICall_getLocalMsgEntityId)
                  0000efd0    0000002c     icall.obj (.text:ICall_msgEnqueue$9)
                  0000effc    0000002c     driverlib.lib : chipinfo.obj (.text:NOROM_ChipInfo_GetChipFamily)
                  0000f028    0000002c     drivers_cc26x0r2.aem3 : PINCC26XX.oem3 (.text:PINCC26XX_setMux)
                  0000f054    0000002c     simple_np.obj (.text:SNP_processMaskEvtCmd$0)
                  0000f080    0000002c     simple_np_gatt.obj (.text:SNP_testCharSanity)
                  0000f0ac    0000002c     dpl_cc26x0r2.aem3 : SemaphoreP_tirtos.oem3 (.text:SemaphoreP_constructBinary)
                  0000f0d8    0000002c     simple_np_cc2640r2lp_stack_library.lib : ble_dispatch_lite.obj (.text:bleDispatch_BMAlloc)
                  0000f104    0000002c     RFCC26XX_singleMode.obj (.text:calculateDeltaTimeUs$7)
                  0000f130    0000002c     cc26xx_sm_pxxx_del.a : sm_pairing.o (.text)
                  0000f15c    0000002c     RFCC26XX_singleMode.obj (.text:executeDirectImmediateCmd$7)
                  0000f188    0000002c     simple_np_cc2640r2lp_stack_library.lib : osal_snv_wrapper.obj (.text:findOffset$39)
                  0000f1b4    0000002c                                            : gapbondmgr.obj (.text:gapBondMgrFindAddr$42)
                  0000f1e0    0000002c     rom_sysbios.aem3 : rom_sysbios.obj (.text:ti_sysbios_knl_Clock_getTicksUntilInterrupt__E)
                  0000f20c    0000002a                      : rom_sysbios.obj (.text:ti_sysbios_knl_Clock_getTimeout__E)
                  0000f236    00000002     app_ble_pem3.oem3 (.text:ti_sysbios_rom_cortexm_cc26xx_r2_CC26xx_badRomRevision__E)
                  0000f238    00000028     driverlib.lib : rfc.obj (.text:NOROM_RFCDoorbellSendTo)
                  0000f260    00000028     npi_tl_uart.obj (.text:NPITLUART_readTransport)
                  0000f288    00000028     npi_task.obj (.text:NPITask_routeHostToSS$14)
                  0000f2b0    00000028     drivers_cc26x0r2.aem3 : PowerCC26XX.oem3 (.text:Power_registerNotify)
                  0000f2d8    00000028     driverlib.lib : adi.obj (.text:SafeHapiVoid)
                  0000f300    00000028     TRNGCC26XX.obj (.text:TRNGCC26XX_init)
                  0000f328    00000028     simple_np_cc2640r2lp_stack_library.lib : ble_dispatch_lite.obj (.text:buildRevision)
                  0000f350    00000028                                            : gapbondmgr.obj (.text:gapBondMgrBondTotal$42)
                  0000f378    00000028                                            : osal_bufmgr.obj (.text:osal_bm_adjust_header)
                  0000f3a0    00000028                                            : osal_timers.obj (.text:osal_next_timeout)
                  0000f3c8    00000028                                            : osal_snv_wrapper.obj (.text:osal_snv_compact)
                  0000f3f0    00000028     drivers_cc26x0r2.aem3 : UARTCC26XX.oem3 (.text:readData2RingBuf)
                  0000f418    00000026     cc26xx_l2cap_pxxx_del.a : l2cap_util.o (.text)
                  0000f43e    00000002     rom_sysbios.aem3 : rom_sysbios.obj (.text:xdc_runtime_SysCallback_defaultAbort)
                  0000f440    00000024     drivers_cc26x0r2.aem3 : CryptoCC26XX.oem3 (.text:CryptoCC26XX_hwiIntFxn)
                  0000f464    00000024     driverlib.lib : chipinfo.obj (.text:NOROM_ChipInfo_GetChipType)
                  0000f488    00000024                   : osc.obj (.text:NOROM_OSCHF_TurnOnXosc)
                  0000f4ac    00000024     simple_np.obj (.text:SNP_enqueueMsg)
                  0000f4d0    00000024     simple_np_gatt.obj (.text:SNP_resetGATT)
                  0000f4f4    00000024     simple_np_cc2640r2lp_stack_library.lib : osal_bufmgr.obj (.text:bm_desc_from_payload$35)
                  0000f518    00000024     cc26xx_profiles_pxxx_del.a : gapgattserver.o (.text)
                  0000f53c    00000024     simple_np_cc2640r2lp_stack_library.lib : gapbondmgr.obj (.text:gapBondMgrGetStateFlags$42)
                  0000f560    00000024     RFCC26XX_singleMode.obj (.text:hwiFxnCpe0PowerFsm$7)
                  0000f584    00000024     simple_np_cc2640r2lp_stack_library.lib : osal.obj (.text:osal_msg_allocate)
                  0000f5a8    00000024                                            : osal.obj (.text:osal_service_entry)
                  0000f5cc    00000024     rtsv7M3_T_le_eabi.lib : memcmp.obj (.text)
                  0000f5f0    00000024     app_ble_pem3.oem3 (.text:ti_sysbios_BIOS_registerRTSLock__I)
                  0000f614    00000024     app_ble_pem3.oem3 (.text:ti_sysbios_BIOS_removeRTSLock__I)
                  0000f638    00000024     rom_sysbios.aem3 : rom_sysbios.obj (.text:ti_sysbios_family_arm_cc26xx_Timer_getMaxTicks__E)
                  0000f65c    00000022     icall.obj (.text:ICall_setTimerMSecs)
                  0000f67e    00000022     drivers_cc26x0r2.aem3 : List.oem3 (.text:List_put)
                  0000f6a0    00000022     driverlib.lib : uart.obj (.text:NOROM_UARTConfigSetExpClk)
                  0000f6c2    00000022     simple_np_uuid.obj (.text:SNP_checkBase)
                  0000f6e4    00000022     cc26xx_profiles_pxxx_del.a : gattservapp.o (.text)
                  0000f706    00000002     rom_sysbios.aem3 : rom_sysbios.obj (.text:xdc_runtime_SysCallback_defaultExit)
                  0000f708    00000020     simple_np_cc2640r2lp_stack_library.lib : hal_flash_wrapper.obj (.text:HalFlashGetAddress)
                  0000f728    00000020     driverlib.lib : uart.obj (.text:NOROM_UARTDisable)
                  0000f748    00000020     npi_tl.obj (.text:NPITL_relPM$15)
                  0000f768    00000020     npi_tl.obj (.text:NPITL_setPM$15)
                  0000f788    00000020     dpl_cc26x0r2.aem3 : PowerCC26XX_tirtos.oem3 (.text:PowerCC26XX_schedulerDisable)
                  0000f7a8    00000020                       : PowerCC26XX_tirtos.oem3 (.text:PowerCC26XX_schedulerRestore)
                  0000f7c8    00000020     drivers_cc26x0r2.aem3 : PowerCC26XX.oem3 (.text:Power_unregisterNotify)
                  0000f7e8    00000020     simple_np.obj (.text:SNP_processGetRandCmd$0)
                  0000f808    00000020     cc2640_ll_pxxx.a : ll_isr.o (.text)
                  0000f828    00000020     cc26xx_profiles_pxxx_del.a : gattservapp.o (.text)
                  0000f848    00000020     gattservapp_util.obj (.text:gattServApp_FindCharCfgItem$21)
                  0000f868    00000020     simple_np_cc2640r2lp_stack_library.lib : osal_timers.obj (.text:osalFindTimer)
                  0000f888    00000020                                            : osal.obj (.text:osal_memcmp)
                  0000f8a8    00000020                                            : osal.obj (.text:osal_msg_deallocate)
                  0000f8c8    00000020                                            : osal.obj (.text:osal_msg_send)
                  0000f8e8    00000020                                            : osal.obj (.text:osal_proxy2alien$34)
                  0000f908    00000020     app_ble_pem3.oem3 (.text:ti_sysbios_BIOS_rtsLock__I)
                  0000f928    00000020     rom_sysbios.aem3 : rom_sysbios.obj (.text:ti_sysbios_family_arm_cc26xx_Timer_dynamicStub__E)
                  0000f948    0000001e     drivers_cc26x0r2.aem3 : PINCC26XX.oem3 (.text:PIN_close)
                  0000f966    0000001e                           : PowerCC26XX.oem3 (.text:Power_getTransitionLatency)
                  0000f984    0000001e     simple_np.obj (.text:SNP_processCharConfigUpdatedCnfCmd$0)
                  0000f9a2    0000001e     simple_np.obj (.text:SNP_processCharWriteCnfCmd$0)
                  0000f9c0    0000001e     simple_np_cc2640r2lp_stack_library.lib : gapbondmgr.obj (.text:gapBondMgrInvertCharCfgItem$42)
                  0000f9de    0000001e                                            : gapbondmgr.obj (.text:gapBondSetupPrivFlag$42)
                  0000f9fc    0000001e                                            : osal_snv_wrapper.obj (.text:osal_snv_read)
                  0000fa1a    00000002     --HOLE-- [fill = 0]
                  0000fa1c    0000001c                                            : gapbondmgr.obj (.text:GAPBondMgr_Register)
                  0000fa38    0000001c                                            : gapbondmgr.obj (.text:GAPBondMgr_SupportsEnhancedPriv)
                  0000fa54    0000001c     icall.obj (.text:ICall_primRepostSync$9)
                  0000fa70    0000001c     driverlib.lib : flash.obj (.text:NOROM_FlashProgram)
                  0000fa8c    0000001c                   : flash.obj (.text:NOROM_FlashSectorErase)
                  0000faa8    0000001c     npi_tl.obj (.text:NPITL_checkNpiBusy)
                  0000fac4    0000001c     npi_tl.obj (.text:NPITL_getRxBufLen)
                  0000fae0    0000001c     drivers_cc26x0r2.aem3 : PINCC26XX.oem3 (.text:PINCC26XX_setIoCfgMux)
                  0000fafc    0000001c                           : PINCC26XX.oem3 (.text:PIN_hwi)
                  0000fb18    0000001c     RFCC26XX_singleMode.obj (.text:RF_getRssi)
                  0000fb34    0000001c     simple_np_dev.obj (.text:SNP_ReverseBytes$1)
                  0000fb50    0000001c     TRNGCC26XX.obj (.text:TRNGCC26XX_open)
                  0000fb6c    0000001c     simple_np_cc2640r2lp_stack_library.lib : osal_snv_wrapper.obj (.text:enableCache$39)
                  0000fb88    0000001c                                            : gapbondmgr.obj (.text:gapBondFreeAuthEvt$42)
                  0000fba4    0000001c                                            : hal_assert.obj (.text:halAssertHandlerExt)
                  0000fbc0    0000001c     TRNGCC26XX.obj (.text:openTRNG)
                  0000fbdc    0000001c     simple_np_cc2640r2lp_stack_library.lib : osal.obj (.text:osal_memdup)
                  0000fbf8    0000001c                                            : osal.obj (.text:osal_revmemcpy)
                  0000fc14    0000001c     RFCC26XX_singleMode.obj (.text:rfSetConstraint)
                  0000fc30    0000001c     rom_sysbios.aem3 : rom_sysbios.obj (.text:ti_sysbios_knl_Swi_construct2__E)
                  0000fc4c    0000001a     icall.obj (.text:ICall_enterCSImpl)
                  0000fc66    0000001a     npi_task.obj (.text:NPITask_mallocFrame)
                  0000fc80    0000001a     npi_util.obj (.text:NPIUtil_EnterCS)
                  0000fc9a    0000001a     npi_util.obj (.text:NPIUtil_dequeueMsg)
                  0000fcb4    0000001a     util.obj (.text:Util_dequeueMsg)
                  0000fcce    0000001a     simple_np_cc2640r2lp_stack_library.lib : osal.obj (.text:osal_isbufset)
                  0000fce8    00000018     driverlib.lib : chipinfo.obj (.text:NOROM_ChipInfo_GetPackageType)
                  0000fd00    00000018                   : rfc.obj (.text:NOROM_RFCCpeIntGetAndClear)
                  0000fd18    00000018     npi_tl_uart.obj (.text:NPITLUART_calcFCS$17)
                  0000fd30    00000018     npi_task.obj (.text:NPITask_RemRdyEventCB$14)
[...]
20001e44  PowerCC26XX_taskKey                                                       
20001e48  PowerCC26XX_swiKey                                                        
20001e58  ClockP_tickPeriod                                                         
20001e5c  tasksEvents                                                               
20001e60  trngCC26XXObjects                                                         
20001e68  hciTaskID                                                                 
20001e69  hciGapTaskID                                                              
20001e6a  hciTestTaskID                                                             
20001e6b  hciL2capTaskID                                                            
20001e6c  hciSmpTaskID                                                              
20001e6d  driverlib_release_0_49664                                                 
20001e6e  g_hwiInt                                                                  
20001e6f  icall_liteTaskId                                                          
20001e70  heapStart                                                                 
20004000  __stack                                                                   
20004000  heapEnd                                                                   
20004400  __STACK_END                                                               
20004400  __STACK_TOP                                                               
200044f8  RAM_BASE_ADDR                                                             
20004504  ROM_FlashJT                                                               
20004508  gapParameters                                                             
20004558  gapPeripheralCBs                                                          
20004564  gapPeripheralConnCBs                                                      
20004568  rfMode                                                                    
20004584  smResponderCBs                                                            
2000459c  slaveConnHandle                                                           
2000459e  nextHandle                                                                
200045a0  l2capMtuSize                                                              
200045a2  gapAppTaskID                                                              
200045a3  gapAdvAppTaskID                                                           
200045a4  gapUnwantedTaskID                                                         
200045a5  reqTaskId                                                                 
200045a6  gattAppTaskID                                                             
200045a7  appTaskID                                                                 
200045a8  flowCtrlTaskId                                                            
200045a9  SM_appTaskID                                                              
200045ac  resolvingList                                                             
200046ec  scanDataEntry                                                             
200047cc  wlTable                                                                   
200048a8  wlTableScan                                                               
20004988  rfObject                                                                  
20004a20  advCmd                                                                    
20004a68  localEccKeys                                                              
20004aac  initDataEntry                                                             
20004ae4  advDataEntry                                                              
20004b1c  l2capFixedChannels                                                        
20004b4c  linkCBs                                                                   
20004b7c  eccParams                                                                 
20004bac  initParam                                                                 
20004bd0  scanParam                                                                 
20004bf4  advParam                                                                  
20004c14  cryptoPRAND                                                               
20004c34  txModemTestCmd                                                            
20004c50  gapParams                                                                 
20004c6c  initCmd                                                                   
20004c84  connReqData                                                               
20004c9c  scanCmd                                                                   
20004cb4  scanOutput                                                                
20004ccc  trxTestCmd                                                                
20004ce4  rxModemTestCmd                                                            
20004cfc  rsp                                                                       
20004d14  fwParDtmCmd                                                               
20004d2c  rfSetup                                                                   
20004d44  fwParRfCmd                                                                
20004d5c  connOutput                                                                
20004d70  rxTestParam                                                               
20004d84  initDataQueue                                                             
20004d94  scanDataQueue                                                             
20004da4  advDataQueue                                                              
20004db4  advOutput                                                                 
20004dc4  txTestParam                                                               
20004dd4  initOutput                                                                
20004de0  rxTestOut                                                                 
20004dec  deviceFeatureSet                                                          
20004df8  cachedTRNGdata                                                            
20004e04  gapCurrentRandomAddr                                                      
20004e0c  slaveUpdateReq                                                            
20004e14  pBleEvtMask                                                               
20004e1c  pHciEvtMask                                                               
20004e24  pHciEvtMask2                                                              
20004e2c  ownPublicAddr                                                             
20004e34  ownRandomAddr                                                             
20004e3c  ownSavedPublicAddr                                                        
20004e44  fwImmedCmd                                                                
20004e4c  attServerNotifyTxCB                                                       
20004e50  rfEvent                                                                   
20004e58  fwParCmd                                                                  
20004e60  verInfo                                                                   
20004e68  llConns                                                                   
20004e70  fwParamImmedCmd                                                           
20004e78  privInfo                                                                  
20004e80  linkCmd                                                                   
20004e84  linkParam                                                                 
20004e88  rxDataQ                                                                   
20004e8c  txDataQ                                                                   
20004e90  rxRingBuf                                                                 
20004e94  txTestOut                                                                 
20004e98  pGapDiscReq                                                               
20004e9c  pGapAdvertState                                                           
20004ea0  pEstLink                                                                  
20004ea4  pAuthLink                                                                 
20004ea8  pfnCentralConnCBs                                                         
20004eac  pfnPeripheralConnCBs                                                      
20004eb0  pGapAdvTokens                                                             
20004eb4  pGapAdData                                                                
20004eb8  pGapScanRspData                                                           
20004ebc  pfnPeripheralCBs                                                          
20004ec0  pfnCentralCBs                                                             
20004ec4  pfnBondMgrCBs                                                             
20004ec8  serverInfoTbl                                                             
20004ecc  pServiceList                                                              
20004ed0  pfnServerProcessMsgCB                                                     
20004ed4  pfnClientProcessMsgCB                                                     
20004ed8  prepareWritesTbl                                                          
20004edc  serviceCBsList                                                            
20004ee0  pAttrValue                                                                
20004ee4  l2capChannels                                                             
20004ee8  linkDB                                                                    
20004eec  rfHandle                                                                  
20004ef0  rfDrvTblPtr                                                               
20004ef4  eccDrvTblPtr                                                              
20004ef8  cryptoDrvTblPtr                                                           
20004efc  trngDrvTblPtr                                                             
20004f00  activeConns                                                               
20004f04  SysBootMsg                                                                
20004f08  sclkSrc                                                                   
20004f0c  buildInfo                                                                 
20004f10  advInfo                                                                   
20004f14  scanInfo                                                                  
20004f18  initInfo                                                                  
20004f1c  dtmInfo                                                                   
20004f20  taskEndAction                                                             
20004f24  encParams                                                                 
20004f28  encHandle                                                                 
20004f2c  encKey                                                                    
20004f30  pPairingParams                                                            
20004f34  pfnResponderCBs                                                           
20004f38  pfnInitiatorCBs                                                           
20004f3c  gapLimitedAdvertisingTimeout                                              
20004f3e  attrLen                                                                   
20004f40  numHostBufs                                                               
20004f42  rfCmdHandle                                                               
20004f44  connInitialMaxTxOctets                                                    
20004f46  connInitialMaxTxTime                                                      
20004f48  supportedMaxTxOctets                                                      
20004f4a  supportedMaxTxTime                                                        
20004f4c  supportedMaxRxOctets                                                      
20004f4e  supportedMaxRxTime                                                        
20004f50  taskEndStatus                                                             
20004f52  postRfOperations                                                          
20004f54  rfCfgAdiVal                                                               
20004f58  gapProfileRole                                                            
20004f59  gapDeviceAddrMode                                                         
20004f5a  gapState                                                                  
20004f5b  terminateAllTaskID                                                        
20004f5c  terminateReason                                                           
20004f5d  gapTaskID                                                                 
20004f5e  gattNumConns                                                              
20004f5f  gattTaskID                                                                
20004f60  GATTServApp_TaskID                                                        
20004f61  maxNumPrepareWrites                                                       
20004f62  hciPTMenabled                                                             
20004f63  ctrlToHostEnable                                                          
20004f64  l2capFlowCtrlMode                                                         
20004f65  l2capTaskID                                                               
20004f66  l2capNumChannels                                                          
20004f67  l2capNumDataPkts                                                          
20004f68  l2capId                                                                   
20004f69  linkDBNumConns                                                            
20004f6a  linkDB_secureConnectionOnlyMode                                           
20004f6b  maxPduSize                                                                
20004f6c  rfFeModeBias                                                              
20004f6d  maxNumTxDataBufs                                                          
20004f6e  LL_TaskID                                                                 
20004f6f  llState                                                                   
20004f70  rssiCorrection                                                            
20004f71  curTxPowerVal                                                             
20004f72  maxTxPwrForDTM                                                            
20004f73  onePktPerEvt                                                              
20004f74  numComplPkts                                                              
20004f75  numComplPktsLimit                                                         
20004f76  numComplPktsFlush                                                         
20004f77  fastTxRespTime                                                            
20004f78  slOverride                                                                
20004f79  rxFifoFlowCtrl                                                            
20004f7a  numTxDataBufs                                                             
20004f7b  maxNumConns                                                               
20004f7c  smTaskID                                                                  
20004f7d  SM_appExpectingKey                                                        
20004f80  ECC_DATA$$Base                                                            
20004f80  eccRom_param_Gx                                                           
20004f84  eccRom_param_Gy                                                           
20004f88  eccRom_workzone                                                           
20004f8c  eccRom_param_p                                                            
20004f90  eccRom_param_r                                                            
20004f94  eccRom_param_a                                                            
20004f98  eccRom_param_b                                                            
20004f9c  eccRom_windowSize                                                         
20004fa0  aux64                                                                     
20004fa8  MOD                                                                       
20004fac  LEN                                                                       
20004fb0  inScalar                                                                  
20004fb4  inPointX                                                                  
20004fb8  inPointY                                                                  
20004fbc  outPointX                                                                 
20004fc0  outPointY                                                                 
20004fc4  SCAL                                                                      
20004fc8  EXPX                                                                      
20004fcc  EXPY                                                                      
20004fd0  EXPZ                                                                      
20004fd4  EXPW                                                                      
20004fd8  ACCX                                                                      
20004fdc  ACCY                                                                      
20004fe0  ACCZ                                                                      
20004fe4  TMP1                                                                      
20004fe8  TMP2                                                                      
20004fec  TMP3                                                                      
20004ff0  TMP4                                                                      
20004ff4  TMP5                                                                      
20004ff8  TMP6                                                                      
20004ffc  MSBMOD                                                                    
20005000  ECC_DATA$$Limit                                                           
20005000  __UNUSED_SRAM_end__                                                       
e000e000  ti_sysbios_family_arm_m3_Hwi_nvic                                         
ffffffff  __TI_pprof_out_hndl                                                       
ffffffff  __TI_prof_data_size                                                       
ffffffff  __TI_prof_data_start                                                      
ffffffff  __binit__                                                                 
ffffffff  __c_args__                                                                
ffffffff  binit                                                                     
UNDEFED   SHT$$INIT_ARRAY$$Base                                                     
UNDEFED   SHT$$INIT_ARRAY$$Limit                                                    

[2396 symbols]
